// Jest Snapshot v1, https://goo.gl/fbAQLP

exports[`MovieDetails Should render consistently 1`] = `
<div>
  <section
    class="movie_details"
  >
    <div
      class="details"
    >
      <header>
        <h1>
          mockTitle
        </h1>
        <p>
          test
           |
           
          100
           
          <svg
            fill="currentColor"
            height="1em"
            stroke="currentColor"
            stroke-width="0"
            viewBox="0 0 1024 1024"
            width="1em"
            xmlns="http://www.w3.org/2000/svg"
          >
            <path
              d="M512 64C264.6 64 64 264.6 64 512s200.6 448 448 448 448-200.6 448-448S759.4 64 512 64zm0 820c-205.4 0-372-166.6-372-372s166.6-372 372-372 372 166.6 372 372-166.6 372-372 372z"
            />
            <path
              d="M686.7 638.6L544.1 535.5V288c0-4.4-3.6-8-8-8H488c-4.4 0-8 3.6-8 8v275.4c0 2.6 1.2 5 3.3 6.5l165.4 120.6c3.6 2.6 8.6 1.8 11.2-1.7l28.6-39c2.6-3.7 1.8-8.7-1.8-11.2z"
            />
          </svg>
        </p>
      </header>
      <article
        class="overview"
      >
        <img
          alt="mockTitle"
          src="https://image.tmdb.org/t/p/w185/mock_path"
        />
        <div>
          <p
            class="tagline"
          >
            mockTagLine
          </p>
          <p>
            mockOverview
          </p>
        </div>
      </article>
      <article
        class="general"
      >
        <div
          class="released"
        >
          <h3>
            mockStatus
          </h3>
          <p>
            mockDate
          </p>
        </div>
        <div
          class="statistics"
        >
          <p>
            Vote: 
            100
             âœ¨
          </p>
        </div>
      </article>
      <hr />
      <h2
        class="photos_title"
      >
        Photos
      </h2>
      <article
        class="photos"
      >
        <img
          alt="mockTitle"
          src="https://image.tmdb.org/t/p/w92/mock_image_path"
        />
      </article>
    </div>
    <div
      class="credits"
    >
      <h2>
        Cast
      </h2>
      <div>
        <div
          class="avatar"
        >
          <img
            alt="mockName"
            loading="lazy"
            src="https://image.tmdb.org/t/p/w185cast_path"
          />
        </div>
        <h3>
          mockName
        </h3>
        <p>
          as 
          character1
        </p>
      </div>
      <div>
        <div
          class="avatar"
        >
          <img
            alt="mockName2"
            loading="lazy"
            src="https://eu.ui-avatars.com/api/?size=185&name=mockName2"
          />
        </div>
        <h3>
          mockName2
        </h3>
        <p>
          as 
          character2
        </p>
      </div>
      <h2>
        Crew
      </h2>
      <div>
        <div
          class="avatar"
        >
          <img
            alt="crewMockName"
            loading="lazy"
            src="https://image.tmdb.org/t/p/w185crew_path"
          />
        </div>
        <h3>
          crewMockName
        </h3>
        <p>
          job1
        </p>
      </div>
      <div>
        <div
          class="avatar"
        >
          <img
            alt="crewMockName2"
            loading="lazy"
            src="https://eu.ui-avatars.com/api/?size=185&name=crewMockName2"
          />
        </div>
        <h3>
          crewMockName2
        </h3>
        <p>
          job2
        </p>
      </div>
    </div>
  </section>
</div>
`;

exports[`MovieDetails Should show loading 1`] = `
<div>
  <section
    class="movie_details"
  >
    <span>
      Loading...
    </span>
  </section>
</div>
`;
